// Jest Snapshot v1, https://goo.gl/fbAQLP

exports[`should render add expense page correctly 1`] = `
<div>
  <h1>
    add expense
  </h1>
  <ExpeneForm
    onSubmit={[Function]}
  />
</div>
`;
