// Jest Snapshot v1, https://goo.gl/fbAQLP

exports[`should render header correctly 1`] = `
<header>
  <h1>
    Expensify
  </h1>
  <NavLink
    activeClassName="is-active"
    ariaCurrent="true"
    exact={true}
    to="/"
  >
    this is dashboard 
  </NavLink>
  <NavLink
    activeClassName="is-active"
    ariaCurrent="true"
    to="/edit"
  >
    this is edit 
  </NavLink>
  <NavLink
    activeClassName="is-active"
    ariaCurrent="true"
    to="/help"
  >
    this is help 
  </NavLink>
  <NavLink
    activeClassName="is-active"
    ariaCurrent="true"
    to="/expense"
  >
    add expense
  </NavLink>
</header>
`;
