// Jest Snapshot v1, https://goo.gl/fbAQLP

exports[`should render not found correctly 1`] = `
<div>
  <Link
    replace={false}
    to="/"
  >
    404
  </Link>
</div>
`;
